../Drivers/Perifericos/Src/menu.c:31:6:MENU_WriteOptionValue.part.0	16	static
../Drivers/Perifericos/Src/menu.c:31:6:MENU_WriteOptionValue	0	static
../Drivers/Perifericos/Src/menu.c:38:6:MENU_ScreenUpdate	40	static
../Drivers/Perifericos/Src/menu.c:52:6:MENU_ShowMsgInitState	8	static
../Drivers/Perifericos/Src/menu.c:61:6:MENU_ShowMsgWelcomeState	8	static
../Drivers/Perifericos/Src/menu.c:68:6:MENU_HomeMenu_ScanSelected	8	static
../Drivers/Perifericos/Src/menu.c:74:6:MENU_HomeMenu_SendSelected	8	static
../Drivers/Perifericos/Src/menu.c:80:6:MENU_ScanMenu_StartSelected	8	static
../Drivers/Perifericos/Src/menu.c:86:6:MENU_ShowMsgConnecting	8	static
../Drivers/Perifericos/Src/menu.c:93:6:MENU_ShowMsgSendingData	8	static
../Drivers/Perifericos/Src/menu.c:102:6:MENU_ShowMsgConnectionError	8	static
../Drivers/Perifericos/Src/menu.c:111:6:MENU_ShowMsgScanning	8	static
