../Drivers/Perifericos/Src/menu.c:30:6:MENU_WriteOptionValue	0	static
../Drivers/Perifericos/Src/menu.c:34:6:MENU_screenUpdate	40	static
../Drivers/Perifericos/Src/menu.c:48:6:MENU_ShowMsgInitState	8	static
../Drivers/Perifericos/Src/menu.c:57:6:MENU_ShowMsgWelcomeState	8	static
../Drivers/Perifericos/Src/menu.c:64:6:MENU_HomeMenu_ScanSelected	0	static
../Drivers/Perifericos/Src/menu.c:70:6:MENU_HomeMenu_SendSelected	0	static
../Drivers/Perifericos/Src/menu.c:76:6:MENU_ScanMenu_StartSelected	0	static
../Drivers/Perifericos/Src/menu.c:82:6:MENU_ShowMsgConnecting	8	static
../Drivers/Perifericos/Src/menu.c:89:6:MENU_ShowMsgSendingData	8	static
../Drivers/Perifericos/Src/menu.c:98:6:MENU_ShowMsgConnectionError	8	static
../Drivers/Perifericos/Src/menu.c:107:6:MENU_ShowMsgScanning	8	static
