Archive member included to satisfy reference by file (symbol)

C:/ST/STM32CubeIDE_1.19.0/STM32CubeIDE/plugins/com.st.stm32cube.ide.mcu.externaltools.gnu-tools-for-stm32.13.3.rel1.win32_1.0.0.202411081344/tools/bin/../lib/gcc/arm-none-eabi/13.3.1/../../../../arm-none-eabi/lib/thumb/v7e-m+fp/hard\libc_nano.a(libc_a-exit.o)
                              C:/ST/STM32CubeIDE_1.19.0/STM32CubeIDE/plugins/com.st.stm32cube.ide.mcu.externaltools.gnu-tools-for-stm32.13.3.rel1.win32_1.0.0.202411081344/tools/bin/../lib/gcc/arm-none-eabi/13.3.1/../../../../arm-none-eabi/lib/thumb/v7e-m+fp/hard/crt0.o (exit)
C:/ST/STM32CubeIDE_1.19.0/STM32CubeIDE/plugins/com.st.stm32cube.ide.mcu.externaltools.gnu-tools-for-stm32.13.3.rel1.win32_1.0.0.202411081344/tools/bin/../lib/gcc/arm-none-eabi/13.3.1/../../../../arm-none-eabi/lib/thumb/v7e-m+fp/hard\libc_nano.a(libc_a-findfp.o)
                              C:/ST/STM32CubeIDE_1.19.0/STM32CubeIDE/plugins/com.st.stm32cube.ide.mcu.externaltools.gnu-tools-for-stm32.13.3.rel1.win32_1.0.0.202411081344/tools/bin/../lib/gcc/arm-none-eabi/13.3.1/../../../../arm-none-eabi/lib/thumb/v7e-m+fp/hard\libc_nano.a(libc_a-exit.o) (__stdio_exit_handler)
C:/ST/STM32CubeIDE_1.19.0/STM32CubeIDE/plugins/com.st.stm32cube.ide.mcu.externaltools.gnu-tools-for-stm32.13.3.rel1.win32_1.0.0.202411081344/tools/bin/../lib/gcc/arm-none-eabi/13.3.1/../../../../arm-none-eabi/lib/thumb/v7e-m+fp/hard\libc_nano.a(libc_a-fwalk.o)
                              C:/ST/STM32CubeIDE_1.19.0/STM32CubeIDE/plugins/com.st.stm32cube.ide.mcu.externaltools.gnu-tools-for-stm32.13.3.rel1.win32_1.0.0.202411081344/tools/bin/../lib/gcc/arm-none-eabi/13.3.1/../../../../arm-none-eabi/lib/thumb/v7e-m+fp/hard\libc_nano.a(libc_a-findfp.o) (_fwalk_sglue)
C:/ST/STM32CubeIDE_1.19.0/STM32CubeIDE/plugins/com.st.stm32cube.ide.mcu.externaltools.gnu-tools-for-stm32.13.3.rel1.win32_1.0.0.202411081344/tools/bin/../lib/gcc/arm-none-eabi/13.3.1/../../../../arm-none-eabi/lib/thumb/v7e-m+fp/hard\libc_nano.a(libc_a-stdio.o)
                              C:/ST/STM32CubeIDE_1.19.0/STM32CubeIDE/plugins/com.st.stm32cube.ide.mcu.externaltools.gnu-tools-for-stm32.13.3.rel1.win32_1.0.0.202411081344/tools/bin/../lib/gcc/arm-none-eabi/13.3.1/../../../../arm-none-eabi/lib/thumb/v7e-m+fp/hard\libc_nano.a(libc_a-findfp.o) (__sread)
C:/ST/STM32CubeIDE_1.19.0/STM32CubeIDE/plugins/com.st.stm32cube.ide.mcu.externaltools.gnu-tools-for-stm32.13.3.rel1.win32_1.0.0.202411081344/tools/bin/../lib/gcc/arm-none-eabi/13.3.1/../../../../arm-none-eabi/lib/thumb/v7e-m+fp/hard\libc_nano.a(libc_a-memset.o)
                              C:/ST/STM32CubeIDE_1.19.0/STM32CubeIDE/plugins/com.st.stm32cube.ide.mcu.externaltools.gnu-tools-for-stm32.13.3.rel1.win32_1.0.0.202411081344/tools/bin/../lib/gcc/arm-none-eabi/13.3.1/../../../../arm-none-eabi/lib/thumb/v7e-m+fp/hard/crt0.o (memset)
C:/ST/STM32CubeIDE_1.19.0/STM32CubeIDE/plugins/com.st.stm32cube.ide.mcu.externaltools.gnu-tools-for-stm32.13.3.rel1.win32_1.0.0.202411081344/tools/bin/../lib/gcc/arm-none-eabi/13.3.1/../../../../arm-none-eabi/lib/thumb/v7e-m+fp/hard\libc_nano.a(libc_a-closer.o)
                              C:/ST/STM32CubeIDE_1.19.0/STM32CubeIDE/plugins/com.st.stm32cube.ide.mcu.externaltools.gnu-tools-for-stm32.13.3.rel1.win32_1.0.0.202411081344/tools/bin/../lib/gcc/arm-none-eabi/13.3.1/../../../../arm-none-eabi/lib/thumb/v7e-m+fp/hard\libc_nano.a(libc_a-stdio.o) (_close_r)
C:/ST/STM32CubeIDE_1.19.0/STM32CubeIDE/plugins/com.st.stm32cube.ide.mcu.externaltools.gnu-tools-for-stm32.13.3.rel1.win32_1.0.0.202411081344/tools/bin/../lib/gcc/arm-none-eabi/13.3.1/../../../../arm-none-eabi/lib/thumb/v7e-m+fp/hard\libc_nano.a(libc_a-reent.o)
                              C:/ST/STM32CubeIDE_1.19.0/STM32CubeIDE/plugins/com.st.stm32cube.ide.mcu.externaltools.gnu-tools-for-stm32.13.3.rel1.win32_1.0.0.202411081344/tools/bin/../lib/gcc/arm-none-eabi/13.3.1/../../../../arm-none-eabi/lib/thumb/v7e-m+fp/hard\libc_nano.a(libc_a-closer.o) (errno)
C:/ST/STM32CubeIDE_1.19.0/STM32CubeIDE/plugins/com.st.stm32cube.ide.mcu.externaltools.gnu-tools-for-stm32.13.3.rel1.win32_1.0.0.202411081344/tools/bin/../lib/gcc/arm-none-eabi/13.3.1/../../../../arm-none-eabi/lib/thumb/v7e-m+fp/hard\libc_nano.a(libc_a-impure.o)
                              C:/ST/STM32CubeIDE_1.19.0/STM32CubeIDE/plugins/com.st.stm32cube.ide.mcu.externaltools.gnu-tools-for-stm32.13.3.rel1.win32_1.0.0.202411081344/tools/bin/../lib/gcc/arm-none-eabi/13.3.1/../../../../arm-none-eabi/lib/thumb/v7e-m+fp/hard\libc_nano.a(libc_a-reent.o) (_impure_ptr)
C:/ST/STM32CubeIDE_1.19.0/STM32CubeIDE/plugins/com.st.stm32cube.ide.mcu.externaltools.gnu-tools-for-stm32.13.3.rel1.win32_1.0.0.202411081344/tools/bin/../lib/gcc/arm-none-eabi/13.3.1/../../../../arm-none-eabi/lib/thumb/v7e-m+fp/hard\libc_nano.a(libc_a-lseekr.o)
[...]
Memory Configuration

Name             Origin             Length             Attributes
RAM              0x20000000         0x00010000         xrw
FLASH            0x08000000         0x00040000         xr
*default*        0x00000000         0xffffffff

Linker script and memory map

LOAD C:/ST/STM32CubeIDE_1.19.0/STM32CubeIDE/plugins/com.st.stm32cube.ide.mcu.externaltools.gnu-tools-for-stm32.13.3.rel1.win32_1.0.0.202411081344/tools/bin/../lib/gcc/arm-none-eabi/13.3.1/thumb/v7e-m+fp/hard/crti.o
LOAD C:/ST/STM32CubeIDE_1.19.0/STM32CubeIDE/plugins/com.st.stm32cube.ide.mcu.externaltools.gnu-tools-for-stm32.13.3.rel1.win32_1.0.0.202411081344/tools/bin/../lib/gcc/arm-none-eabi/13.3.1/thumb/v7e-m+fp/hard/crtbegin.o
LOAD C:/ST/STM32CubeIDE_1.19.0/STM32CubeIDE/plugins/com.st.stm32cube.ide.mcu.externaltools.gnu-tools-for-stm32.13.3.rel1.win32_1.0.0.202411081344/tools/bin/../lib/gcc/arm-none-eabi/13.3.1/../../../../arm-none-eabi/lib/thumb/v7e-m+fp/hard/crt0.o
LOAD ./Core/Src/main.o
LOAD ./Core/Src/stm32f4xx_hal_msp.o
LOAD ./Core/Src/stm32f4xx_it.o
LOAD ./Core/Src/syscalls.o
LOAD ./Core/Src/sysmem.o
LOAD ./Core/Src/system_stm32f4xx.o
LOAD ./Core/Startup/startup_stm32f401ccux.o
LOAD ./Drivers/Perifericos/Src/button_handler.o
LOAD ./Drivers/Perifericos/Src/clock_config.o
LOAD ./Drivers/Perifericos/Src/delay.o
LOAD ./Drivers/Perifericos/Src/fonts.o
LOAD ./Drivers/Perifericos/Src/gpio.o
LOAD ./Drivers/Perifericos/Src/i2c.o
LOAD ./Drivers/Perifericos/Src/mef.o
LOAD ./Drivers/Perifericos/Src/menu.o
LOAD ./Drivers/Perifericos/Src/motorpap.o
LOAD ./Drivers/Perifericos/Src/ssd1306_oled.o
LOAD ./Drivers/STM32F4xx_HAL_Driver/Src/stm32f4xx_hal.o
LOAD ./Drivers/STM32F4xx_HAL_Driver/Src/stm32f4xx_hal_cortex.o
LOAD ./Drivers/STM32F4xx_HAL_Driver/Src/stm32f4xx_hal_dma.o
LOAD ./Drivers/STM32F4xx_HAL_Driver/Src/stm32f4xx_hal_dma_ex.o
LOAD ./Drivers/STM32F4xx_HAL_Driver/Src/stm32f4xx_hal_exti.o
LOAD ./Drivers/STM32F4xx_HAL_Driver/Src/stm32f4xx_hal_flash.o
LOAD ./Drivers/STM32F4xx_HAL_Driver/Src/stm32f4xx_hal_flash_ex.o
LOAD ./Drivers/STM32F4xx_HAL_Driver/Src/stm32f4xx_hal_flash_ramfunc.o
LOAD ./Drivers/STM32F4xx_HAL_Driver/Src/stm32f4xx_hal_gpio.o
LOAD ./Drivers/STM32F4xx_HAL_Driver/Src/stm32f4xx_hal_i2c.o
LOAD ./Drivers/STM32F4xx_HAL_Driver/Src/stm32f4xx_hal_i2c_ex.o
LOAD ./Drivers/STM32F4xx_HAL_Driver/Src/stm32f4xx_hal_pwr.o
LOAD ./Drivers/STM32F4xx_HAL_Driver/Src/stm32f4xx_hal_pwr_ex.o
LOAD ./Drivers/STM32F4xx_HAL_Driver/Src/stm32f4xx_hal_rcc.o
LOAD ./Drivers/STM32F4xx_HAL_Driver/Src/stm32f4xx_hal_rcc_ex.o
LOAD ./Drivers/STM32F4xx_HAL_Driver/Src/stm32f4xx_hal_tim.o
LOAD ./Drivers/STM32F4xx_HAL_Driver/Src/stm32f4xx_hal_tim_ex.o
LOAD ./Drivers/STM32F4xx_HAL_Driver/Src/stm32f4xx_hal_uart.o
START GROUP
LOAD C:/ST/STM32CubeIDE_1.19.0/STM32CubeIDE/plugins/com.st.stm32cube.ide.mcu.externaltools.gnu-tools-for-stm32.13.3.rel1.win32_1.0.0.202411081344/tools/bin/../lib/gcc/arm-none-eabi/13.3.1/../../../../arm-none-eabi/lib/thumb/v7e-m+fp/hard\libc_nano.a
LOAD C:/ST/STM32CubeIDE_1.19.0/STM32CubeIDE/plugins/com.st.stm32cube.ide.mcu.externaltools.gnu-tools-for-stm32.13.3.rel1.win32_1.0.0.202411081344/tools/bin/../lib/gcc/arm-none-eabi/13.3.1/../../../../arm-none-eabi/lib/thumb/v7e-m+fp/hard\libm.a
END GROUP
START GROUP
LOAD C:/ST/STM32CubeIDE_1.19.0/STM32CubeIDE/plugins/com.st.stm32cube.ide.mcu.externaltools.gnu-tools-for-stm32.13.3.rel1.win32_1.0.0.202411081344/tools/bin/../lib/gcc/arm-none-eabi/13.3.1/thumb/v7e-m+fp/hard\libgcc.a
LOAD C:/ST/STM32CubeIDE_1.19.0/STM32CubeIDE/plugins/com.st.stm32cube.ide.mcu.externaltools.gnu-tools-for-stm32.13.3.rel1.win32_1.0.0.202411081344/tools/bin/../lib/gcc/arm-none-eabi/13.3.1/../../../../arm-none-eabi/lib/thumb/v7e-m+fp/hard\libc_nano.a
END GROUP
START GROUP
LOAD C:/ST/STM32CubeIDE_1.19.0/STM32CubeIDE/plugins/com.st.stm32cube.ide.mcu.externaltools.gnu-tools-for-stm32.13.3.rel1.win32_1.0.0.202411081344/tools/bin/../lib/gcc/arm-none-eabi/13.3.1/thumb/v7e-m+fp/hard\libgcc.a
LOAD C:/ST/STM32CubeIDE_1.19.0/STM32CubeIDE/plugins/com.st.stm32cube.ide.mcu.externaltools.gnu-tools-for-stm32.13.3.rel1.win32_1.0.0.202411081344/tools/bin/../lib/gcc/arm-none-eabi/13.3.1/../../../../arm-none-eabi/lib/thumb/v7e-m+fp/hard\libc_nano.a
LOAD C:/ST/STM32CubeIDE_1.19.0/STM32CubeIDE/plugins/com.st.stm32cube.ide.mcu.externaltools.gnu-tools-for-stm32.13.3.rel1.win32_1.0.0.202411081344/tools/bin/../lib/gcc/arm-none-eabi/13.3.1/../../../../arm-none-eabi/lib/thumb/v7e-m+fp/hard\libnosys.a
END GROUP
START GROUP
LOAD C:/ST/STM32CubeIDE_1.19.0/STM32CubeIDE/plugins/com.st.stm32cube.ide.mcu.externaltools.gnu-tools-for-stm32.13.3.rel1.win32_1.0.0.202411081344/tools/bin/../lib/gcc/arm-none-eabi/13.3.1/thumb/v7e-m+fp/hard\libgcc.a
LOAD C:/ST/STM32CubeIDE_1.19.0/STM32CubeIDE/plugins/com.st.stm32cube.ide.mcu.externaltools.gnu-tools-for-stm32.13.3.rel1.win32_1.0.0.202411081344/tools/bin/../lib/gcc/arm-none-eabi/13.3.1/../../../../arm-none-eabi/lib/thumb/v7e-m+fp/hard\libc_nano.a
LOAD C:/ST/STM32CubeIDE_1.19.0/STM32CubeIDE/plugins/com.st.stm32cube.ide.mcu.externaltools.gnu-tools-for-stm32.13.3.rel1.win32_1.0.0.202411081344/tools/bin/../lib/gcc/arm-none-eabi/13.3.1/../../../../arm-none-eabi/lib/thumb/v7e-m+fp/hard\libnosys.a
END GROUP
LOAD C:/ST/STM32CubeIDE_1.19.0/STM32CubeIDE/plugins/com.st.stm32cube.ide.mcu.externaltools.gnu-tools-for-stm32.13.3.rel1.win32_1.0.0.202411081344/tools/bin/../lib/gcc/arm-none-eabi/13.3.1/thumb/v7e-m+fp/hard/crtend.o
LOAD C:/ST/STM32CubeIDE_1.19.0/STM32CubeIDE/plugins/com.st.stm32cube.ide.mcu.externaltools.gnu-tools-for-stm32.13.3.rel1.win32_1.0.0.202411081344/tools/bin/../lib/gcc/arm-none-eabi/13.3.1/thumb/v7e-m+fp/hard/crtn.o
                0x20010000                        _estack = (ORIGIN (RAM) + LENGTH (RAM))
                0x00000200                        _Min_Heap_Size = 0x200
                0x00000400                        _Min_Stack_Size = 0x400

.isr_vector     0x08000000      0x194
                0x08000000                        . = ALIGN (0x4)
 *(.isr_vector)
 .isr_vector    0x08000000      0x194 ./Core/Startup/startup_stm32f401ccux.o
                0x08000000                g_pfnVectors
                0x08000194                        . = ALIGN (0x4)

.text           0x08000194     0x2c14
                0x08000194                        . = ALIGN (0x4)
 *(.text)
 .text          0x08000194       0x40 C:/ST/STM32CubeIDE_1.19.0/STM32CubeIDE/plugins/com.st.stm32cube.ide.mcu.externaltools.gnu-tools-for-stm32.13.3.rel1.win32_1.0.0.202411081344/tools/bin/../lib/gcc/arm-none-eabi/13.3.1/thumb/v7e-m+fp/hard/crtbegin.o
 .text          0x080001d4       0x30 C:/ST/STM32CubeIDE_1.19.0/STM32CubeIDE/plugins/com.st.stm32cube.ide.mcu.externaltools.gnu-tools-for-stm32.13.3.rel1.win32_1.0.0.202411081344/tools/bin/../lib/gcc/arm-none-eabi/13.3.1/thumb/v7e-m+fp/hard\libgcc.a(_aeabi_uldivmod.o)
                0x080001d4                __aeabi_uldivmod
 .text          0x08000204      0x2f8 C:/ST/STM32CubeIDE_1.19.0/STM32CubeIDE/plugins/com.st.stm32cube.ide.mcu.externaltools.gnu-tools-for-stm32.13.3.rel1.win32_1.0.0.202411081344/tools/bin/../lib/gcc/arm-none-eabi/13.3.1/thumb/v7e-m+fp/hard\libgcc.a(_udivmoddi4.o)
                0x08000204                __udivmoddi4
 .text          0x080004fc        0x4 C:/ST/STM32CubeIDE_1.19.0/STM32CubeIDE/plugins/com.st.stm32cube.ide.mcu.externaltools.gnu-tools-for-stm32.13.3.rel1.win32_1.0.0.202411081344/tools/bin/../lib/gcc/arm-none-eabi/13.3.1/thumb/v7e-m+fp/hard\libgcc.a(_dvmd_tls.o)
                0x080004fc                __aeabi_idiv0
                0x080004fc                __aeabi_ldiv0
 *(.text*)
 .text.startup.main
                0x08000500      0x25c ./Core/Src/main.o
                0x08000500                main
 .text.HAL_GPIO_EXTI_Callback
                0x0800075c       0x48 ./Core/Src/main.o
                0x0800075c                HAL_GPIO_EXTI_Callback
 .text.HAL_TIM_PeriodElapsedCallback
                0x080007a4       0xa4 ./Core/Src/main.o
                0x080007a4                HAL_TIM_PeriodElapsedCallback
 .text.HAL_MspInit
                0x08000848       0x38 ./Core/Src/stm32f4xx_hal_msp.o
                0x08000848                HAL_MspInit
 .text.HAL_I2C_MspInit
                0x08000880       0x6c ./Core/Src/stm32f4xx_hal_msp.o
                0x08000880                HAL_I2C_MspInit
 .text.HAL_TIM_Base_MspInit
                0x080008ec       0x70 ./Core/Src/stm32f4xx_hal_msp.o
                0x080008ec                HAL_TIM_Base_MspInit
 .text.HAL_UART_MspInit
                0x0800095c       0x7c ./Core/Src/stm32f4xx_hal_msp.o
                0x0800095c                HAL_UART_MspInit
 .text.NMI_Handler
                0x080009d8        0x2 ./Core/Src/stm32f4xx_it.o
                0x080009d8                NMI_Handler
 .text.HardFault_Handler
                0x080009da        0x2 ./Core/Src/stm32f4xx_it.o
                0x080009da                HardFault_Handler
 .text.MemManage_Handler
                0x080009dc        0x2 ./Core/Src/stm32f4xx_it.o
                0x080009dc                MemManage_Handler
 .text.BusFault_Handler
                0x080009de        0x2 ./Core/Src/stm32f4xx_it.o
                0x080009de                BusFault_Handler
 .text.UsageFault_Handler
                0x080009e0        0x2 ./Core/Src/stm32f4xx_it.o
                0x080009e0                UsageFault_Handler
 .text.SVC_Handler
                0x080009e2        0x2 ./Core/Src/stm32f4xx_it.o
                0x080009e2                SVC_Handler
 .text.DebugMon_Handler
                0x080009e4        0x2 ./Core/Src/stm32f4xx_it.o
                0x080009e4                DebugMon_Handler
 .text.PendSV_Handler
                0x080009e6        0x2 ./Core/Src/stm32f4xx_it.o
                0x080009e6                PendSV_Handler
 .text.SysTick_Handler
                0x080009e8        0x4 ./Core/Src/stm32f4xx_it.o
                0x080009e8                SysTick_Handler
 .text.EXTI0_IRQHandler
                0x080009ec        0x6 ./Core/Src/stm32f4xx_it.o
                0x080009ec                EXTI0_IRQHandler
 .text.EXTI1_IRQHandler
                0x080009f2        0x6 ./Core/Src/stm32f4xx_it.o
                0x080009f2                EXTI1_IRQHandler
 .text.EXTI2_IRQHandler
                0x080009f8        0x6 ./Core/Src/stm32f4xx_it.o
                0x080009f8                EXTI2_IRQHandler
 .text.EXTI9_5_IRQHandler
                0x080009fe        0x6 ./Core/Src/stm32f4xx_it.o
                0x080009fe                EXTI9_5_IRQHandler
 .text.TIM1_UP_TIM10_IRQHandler
                0x08000a04        0xc ./Core/Src/stm32f4xx_it.o
                0x08000a04                TIM1_UP_TIM10_IRQHandler
 .text.TIM2_IRQHandler
                0x08000a10        0xc ./Core/Src/stm32f4xx_it.o
                0x08000a10                TIM2_IRQHandler
 .text.USART1_IRQHandler
                0x08000a1c        0xc ./Core/Src/stm32f4xx_it.o
                0x08000a1c                USART1_IRQHandler
 .text.SystemInit
                0x08000a28       0x14 ./Core/Src/system_stm32f4xx.o
                0x08000a28                SystemInit
 .text.Reset_Handler
                0x08000a3c       0x50 ./Core/Startup/startup_stm32f401ccux.o
                0x08000a3c                Reset_Handler
 .text.Default_Handler
                0x08000a8c        0x2 ./Core/Startup/startup_stm32f401ccux.o
                0x08000a8c                RTC_Alarm_IRQHandler
                0x08000a8c                SPI4_IRQHandler
                0x08000a8c                TIM1_CC_IRQHandler
                0x08000a8c                DMA2_Stream5_IRQHandler
                0x08000a8c                DMA1_Stream5_IRQHandler
                0x08000a8c                PVD_IRQHandler
                0x08000a8c                SDIO_IRQHandler
                0x08000a8c                TAMP_STAMP_IRQHandler
                0x08000a8c                EXTI3_IRQHandler
                0x08000a8c                I2C3_ER_IRQHandler
                0x08000a8c                I2C2_EV_IRQHandler
                0x08000a8c                DMA1_Stream2_IRQHandler
                0x08000a8c                FPU_IRQHandler
                0x08000a8c                DMA2_Stream2_IRQHandler
                0x08000a8c                SPI1_IRQHandler
                0x08000a8c                TIM1_BRK_TIM9_IRQHandler
                0x08000a8c                DMA2_Stream3_IRQHandler
                0x08000a8c                USART6_IRQHandler
                0x08000a8c                DMA2_Stream0_IRQHandler
                0x08000a8c                TIM4_IRQHandler
                0x08000a8c                I2C1_EV_IRQHandler
                0x08000a8c                DMA1_Stream6_IRQHandler
                0x08000a8c                DMA1_Stream1_IRQHandler
                0x08000a8c                TIM3_IRQHandler
                0x08000a8c                RCC_IRQHandler
                0x08000a8c                Default_Handler
                0x08000a8c                EXTI15_10_IRQHandler
                0x08000a8c                ADC_IRQHandler
                0x08000a8c                DMA1_Stream7_IRQHandler
                0x08000a8c                TIM5_IRQHandler
                0x08000a8c                DMA2_Stream7_IRQHandler
                0x08000a8c                I2C3_EV_IRQHandler
                0x08000a8c                RTC_WKUP_IRQHandler
                0x08000a8c                SPI2_IRQHandler
                0x08000a8c                DMA1_Stream0_IRQHandler
                0x08000a8c                EXTI4_IRQHandler
                0x08000a8c                WWDG_IRQHandler
                0x08000a8c                OTG_FS_WKUP_IRQHandler
                0x08000a8c                TIM1_TRG_COM_TIM11_IRQHandler
                0x08000a8c                USART2_IRQHandler
                0x08000a8c                I2C2_ER_IRQHandler
                0x08000a8c                DMA2_Stream1_IRQHandler
                0x08000a8c                FLASH_IRQHandler
                0x08000a8c                DMA2_Stream4_IRQHandler
                0x08000a8c                OTG_FS_IRQHandler
                0x08000a8c                SPI3_IRQHandler
                0x08000a8c                DMA1_Stream4_IRQHandler
                0x08000a8c                I2C1_ER_IRQHandler
                0x08000a8c                DMA2_Stream6_IRQHandler
                0x08000a8c                DMA1_Stream3_IRQHandler
 *fill*         0x08000a8e        0x2 
 .text.debounceFSM_Init
                0x08000a90       0x18 ./Drivers/Perifericos/Src/button_handler.o
                0x08000a90                debounceFSM_Init
 .text.Pressing_Signal
                0x08000aa8       0x10 ./Drivers/Perifericos/Src/button_handler.o
                0x08000aa8                Pressing_Signal
 .text.Pressed_Signal
                0x08000ab8       0x14 ./Drivers/Perifericos/Src/button_handler.o
                0x08000ab8                Pressed_Signal
 .text.Read_Button_Response
                0x08000acc       0x14 ./Drivers/Perifericos/Src/button_handler.o
                0x08000acc                Read_Button_Response
 .text.Read_State
                0x08000ae0       0x10 ./Drivers/Perifericos/Src/button_handler.o
                0x08000ae0                Read_State
 .text.Error_Handler
                0x08000af0        0x4 ./Drivers/Perifericos/Src/clock_config.o
                0x08000af0                Error_Handler
 .text.SystemClock_Config
                0x08000af4       0x8c ./Drivers/Perifericos/Src/clock_config.o
                0x08000af4                SystemClock_Config
 .text.GPIO_EnableCLK
                0x08000b80       0x98 ./Drivers/Perifericos/Src/gpio.o
                0x08000b80                GPIO_EnableCLK
 .text.GPIO_InitPin
                0x08000c18       0x3a ./Drivers/Perifericos/Src/gpio.o
                0x08000c18                GPIO_InitPin
 .text.GPIO_WritePin
                0x08000c52        0xa ./Drivers/Perifericos/Src/gpio.o
                0x08000c52                GPIO_WritePin
 .text.GPIO_ReadPin
                0x08000c5c        0xe ./Drivers/Perifericos/Src/gpio.o
                0x08000c5c                GPIO_ReadPin
 .text.I2C_Init
                0x08000c6a       0x28 ./Drivers/Perifericos/Src/i2c.o
                0x08000c6a                I2C_Init
 *fill*         0x08000c92        0x2 
 .text.MEF_Init
                0x08000c94        0xc ./Drivers/Perifericos/Src/mef.o
                0x08000c94                MEF_Init
 .text.MEF_Update
                0x08000ca0      0x1e8 ./Drivers/Perifericos/Src/mef.o
                0x08000ca0                MEF_Update
 .text.MENU_WriteOptionValue
                0x08000e88        0xc ./Drivers/Perifericos/Src/menu.o
                0x08000e88                MENU_WriteOptionValue
 .text.MENU_screenUpdate
                0x08000e94       0x68 ./Drivers/Perifericos/Src/menu.o
                0x08000e94                MENU_screenUpdate
 .text.MotorPAP_InitTIM
                0x08000efc       0x60 ./Drivers/Perifericos/Src/motorpap.o
                0x08000efc                MotorPAP_InitTIM
 .text.MotorPAP_Init
                0x08000f5c       0x64 ./Drivers/Perifericos/Src/motorpap.o
                0x08000f5c                MotorPAP_Init
 .text.SSD1306_Fill
                0x08000fc0       0x18 ./Drivers/Perifericos/Src/ssd1306_oled.o
                0x08000fc0                SSD1306_Fill
 .text.SSD1306_DrawPixel
                0x08000fd8       0x48 ./Drivers/Perifericos/Src/ssd1306_oled.o
                0x08000fd8                SSD1306_DrawPixel
 .text.SSD1306_GotoXY
                0x08001020        0xc ./Drivers/Perifericos/Src/ssd1306_oled.o
                0x08001020                SSD1306_GotoXY
 .text.SSD1306_Putc
                0x0800102c       0x9c ./Drivers/Perifericos/Src/ssd1306_oled.o
                0x0800102c                SSD1306_Putc
 .text.SSD1306_Puts
                0x080010c8       0x20 ./Drivers/Perifericos/Src/ssd1306_oled.o
                0x080010c8                SSD1306_Puts
 .text.SSD1306_DrawLine
                0x080010e8      0x134 ./Drivers/Perifericos/Src/ssd1306_oled.o
                0x080010e8                SSD1306_DrawLine
 .text.SSD1306_DrawFilledRectangle
                0x0800121c       0x62 ./Drivers/Perifericos/Src/ssd1306_oled.o
                0x0800121c                SSD1306_DrawFilledRectangle
 *fill*         0x0800127e        0x2 
 .text.SSD1306_I2C_WriteMulti
                0x08001280       0x3c ./Drivers/Perifericos/Src/ssd1306_oled.o
                0x08001280                SSD1306_I2C_WriteMulti
 .text.SSD1306_I2C_Write
                0x080012bc       0x24 ./Drivers/Perifericos/Src/ssd1306_oled.o
                0x080012bc                SSD1306_I2C_Write
 .text.SSD1306_UpdateScreen
                0x080012e0       0x44 ./Drivers/Perifericos/Src/ssd1306_oled.o
                0x080012e0                SSD1306_UpdateScreen
 .text.SSD1306_Init
                0x08001324      0x15c ./Drivers/Perifericos/Src/ssd1306_oled.o
                0x08001324                SSD1306_Init
 .text.HAL_InitTick
                0x08001480       0x48 ./Drivers/STM32F4xx_HAL_Driver/Src/stm32f4xx_hal.o
                0x08001480                HAL_InitTick
 .text.HAL_Init
                0x080014c8       0x34 ./Drivers/STM32F4xx_HAL_Driver/Src/stm32f4xx_hal.o
                0x080014c8                HAL_Init
 .text.HAL_IncTick
                0x080014fc       0x18 ./Drivers/STM32F4xx_HAL_Driver/Src/stm32f4xx_hal.o
                0x080014fc                HAL_IncTick
 .text.HAL_GetTick
                0x08001514        0xc ./Drivers/STM32F4xx_HAL_Driver/Src/stm32f4xx_hal.o
                0x08001514                HAL_GetTick
 .text.HAL_Delay
                0x08001520       0x28 ./Drivers/STM32F4xx_HAL_Driver/Src/stm32f4xx_hal.o
                0x08001520                HAL_Delay
 .text.HAL_NVIC_SetPriorityGrouping
                0x08001548       0x24 ./Drivers/STM32F4xx_HAL_Driver/Src/stm32f4xx_hal_cortex.o
                0x08001548                HAL_NVIC_SetPriorityGrouping
 .text.HAL_NVIC_SetPriority
                0x0800156c       0x64 ./Drivers/STM32F4xx_HAL_Driver/Src/stm32f4xx_hal_cortex.o
                0x0800156c                HAL_NVIC_SetPriority
 .text.HAL_NVIC_EnableIRQ
                0x080015d0       0x1c ./Drivers/STM32F4xx_HAL_Driver/Src/stm32f4xx_hal_cortex.o
                0x080015d0                HAL_NVIC_EnableIRQ
 .text.HAL_NVIC_DisableIRQ
                0x080015ec       0x24 ./Drivers/STM32F4xx_HAL_Driver/Src/stm32f4xx_hal_cortex.o
                0x080015ec                HAL_NVIC_DisableIRQ
 .text.HAL_SYSTICK_Config
                0x08001610       0x28 ./Drivers/STM32F4xx_HAL_Driver/Src/stm32f4xx_hal_cortex.o
                0x08001610                HAL_SYSTICK_Config
 .text.HAL_DMA_Abort
                0x08001638       0x7c ./Drivers/STM32F4xx_HAL_Driver/Src/stm32f4xx_hal_dma.o
                0x08001638                HAL_DMA_Abort
 .text.HAL_DMA_Abort_IT
                0x080016b4       0x24 ./Drivers/STM32F4xx_HAL_Driver/Src/stm32f4xx_hal_dma.o
                0x080016b4                HAL_DMA_Abort_IT
 .text.HAL_GPIO_Init
                0x080016d8      0x18c ./Drivers/STM32F4xx_HAL_Driver/Src/stm32f4xx_hal_gpio.o
                0x080016d8                HAL_GPIO_Init
 .text.HAL_GPIO_ReadPin
                0x08001864        0xc ./Drivers/STM32F4xx_HAL_Driver/Src/stm32f4xx_hal_gpio.o
                0x08001864                HAL_GPIO_ReadPin
 .text.HAL_GPIO_WritePin
                0x08001870        0xa ./Drivers/STM32F4xx_HAL_Driver/Src/stm32f4xx_hal_gpio.o
                0x08001870                HAL_GPIO_WritePin
 *fill*         0x0800187a        0x2 
 .text.HAL_GPIO_EXTI_IRQHandler
                0x0800187c       0x18 ./Drivers/STM32F4xx_HAL_Driver/Src/stm32f4xx_hal_gpio.o
                0x0800187c                HAL_GPIO_EXTI_IRQHandler
 .text.I2C_IsAcknowledgeFailed
                0x08001894       0x34 ./Drivers/STM32F4xx_HAL_Driver/Src/stm32f4xx_hal_i2c.o
 .text.I2C_WaitOnFlagUntilTimeout
                0x080018c8       0x80 ./Drivers/STM32F4xx_HAL_Driver/Src/stm32f4xx_hal_i2c.o
 .text.I2C_WaitOnMasterAddressFlagUntilTimeout
                0x08001948       0x84 ./Drivers/STM32F4xx_HAL_Driver/Src/stm32f4xx_hal_i2c.o
 .text.I2C_WaitOnTXEFlagUntilTimeout
                0x080019cc       0x54 ./Drivers/STM32F4xx_HAL_Driver/Src/stm32f4xx_hal_i2c.o
 .text.I2C_WaitOnBTFFlagUntilTimeout
                0x08001a20       0x54 ./Drivers/STM32F4xx_HAL_Driver/Src/stm32f4xx_hal_i2c.o
 .text.HAL_I2C_Init
                0x08001a74      0x150 ./Drivers/STM32F4xx_HAL_Driver/Src/stm32f4xx_hal_i2c.o
                0x08001a74                HAL_I2C_Init
 .text.HAL_I2C_Master_Transmit
                0x08001bc4      0x1b4 ./Drivers/STM32F4xx_HAL_Driver/Src/stm32f4xx_hal_i2c.o
                0x08001bc4                HAL_I2C_Master_Transmit
 .text.HAL_I2C_IsDeviceReady
                0x08001d78      0x164 ./Drivers/STM32F4xx_HAL_Driver/Src/stm32f4xx_hal_i2c.o
                0x08001d78                HAL_I2C_IsDeviceReady
 .text.HAL_RCC_OscConfig
                0x08001edc      0x35c ./Drivers/STM32F4xx_HAL_Driver/Src/stm32f4xx_hal_rcc.o
                0x08001edc                HAL_RCC_OscConfig
 .text.HAL_RCC_GetSysClockFreq
                0x08002238       0x5c ./Drivers/STM32F4xx_HAL_Driver/Src/stm32f4xx_hal_rcc.o
                0x08002238                HAL_RCC_GetSysClockFreq
 .text.HAL_RCC_ClockConfig
                0x08002294      0x134 ./Drivers/STM32F4xx_HAL_Driver/Src/stm32f4xx_hal_rcc.o
                0x08002294                HAL_RCC_ClockConfig
 .text.HAL_RCC_GetPCLK1Freq
                0x080023c8       0x20 ./Drivers/STM32F4xx_HAL_Driver/Src/stm32f4xx_hal_rcc.o
                0x080023c8                HAL_RCC_GetPCLK1Freq
 .text.HAL_RCC_GetPCLK2Freq
                0x080023e8       0x20 ./Drivers/STM32F4xx_HAL_Driver/Src/stm32f4xx_hal_rcc.o
                0x080023e8                HAL_RCC_GetPCLK2Freq
 .text.HAL_TIM_Base_Stop
                0x08002408       0x28 ./Drivers/STM32F4xx_HAL_Driver/Src/stm32f4xx_hal_tim.o
                0x08002408                HAL_TIM_Base_Stop
 .text.HAL_TIM_Base_Start_IT
                0x08002430       0x64 ./Drivers/STM32F4xx_HAL_Driver/Src/stm32f4xx_hal_tim.o
                0x08002430                HAL_TIM_Base_Start_IT
 .text.HAL_TIM_OC_DelayElapsedCallback
                0x08002494        0x2 ./Drivers/STM32F4xx_HAL_Driver/Src/stm32f4xx_hal_tim.o
                0x08002494                HAL_TIM_OC_DelayElapsedCallback
 .text.HAL_TIM_IC_CaptureCallback
                0x08002496        0x2 ./Drivers/STM32F4xx_HAL_Driver/Src/stm32f4xx_hal_tim.o
                0x08002496                HAL_TIM_IC_CaptureCallback
 .text.HAL_TIM_PWM_PulseFinishedCallback
                0x08002498        0x2 ./Drivers/STM32F4xx_HAL_Driver/Src/stm32f4xx_hal_tim.o
                0x08002498                HAL_TIM_PWM_PulseFinishedCallback
 .text.HAL_TIM_TriggerCallback
                0x0800249a        0x2 ./Drivers/STM32F4xx_HAL_Driver/Src/stm32f4xx_hal_tim.o
                0x0800249a                HAL_TIM_TriggerCallback
 .text.HAL_TIM_IRQHandler
                0x0800249c      0x128 ./Drivers/STM32F4xx_HAL_Driver/Src/stm32f4xx_hal_tim.o
                0x0800249c                HAL_TIM_IRQHandler
 .text.TIM_Base_SetConfig
                0x080025c4       0x80 ./Drivers/STM32F4xx_HAL_Driver/Src/stm32f4xx_hal_tim.o
                0x080025c4                TIM_Base_SetConfig
 .text.HAL_TIM_Base_Init
                0x08002644       0x58 ./Drivers/STM32F4xx_HAL_Driver/Src/stm32f4xx_hal_tim.o
                0x08002644                HAL_TIM_Base_Init
 .text.TIM_ETR_SetConfig
                0x0800269c       0x14 ./Drivers/STM32F4xx_HAL_Driver/Src/stm32f4xx_hal_tim.o
                0x0800269c                TIM_ETR_SetConfig
 .text.HAL_TIM_ConfigClockSource
                0x080026b0      0x132 ./Drivers/STM32F4xx_HAL_Driver/Src/stm32f4xx_hal_tim.o
                0x080026b0                HAL_TIM_ConfigClockSource
 *fill*         0x080027e2        0x2 
 .text.HAL_TIMEx_MasterConfigSynchronization
                0x080027e4       0x6c ./Drivers/STM32F4xx_HAL_Driver/Src/stm32f4xx_hal_tim_ex.o
                0x080027e4                HAL_TIMEx_MasterConfigSynchronization
 .text.HAL_TIMEx_CommutCallback
                0x08002850        0x2 ./Drivers/STM32F4xx_HAL_Driver/Src/stm32f4xx_hal_tim_ex.o
                0x08002850                HAL_TIMEx_CommutCallback
 .text.HAL_TIMEx_BreakCallback
                0x08002852        0x2 ./Drivers/STM32F4xx_HAL_Driver/Src/stm32f4xx_hal_tim_ex.o
                0x08002852                HAL_TIMEx_BreakCallback
 .text.UART_EndRxTransfer
                0x08002854       0x5c ./Drivers/STM32F4xx_HAL_Driver/Src/stm32f4xx_hal_uart.o
 .text.UART_SetConfig
                0x080028b0       0xbc ./Drivers/STM32F4xx_HAL_Driver/Src/stm32f4xx_hal_uart.o
 .text.HAL_UART_Init
                0x0800296c       0x5e ./Drivers/STM32F4xx_HAL_Driver/Src/stm32f4xx_hal_uart.o
                0x0800296c                HAL_UART_Init
 .text.HAL_UART_TxCpltCallback
                0x080029ca        0x2 ./Drivers/STM32F4xx_HAL_Driver/Src/stm32f4xx_hal_uart.o
                0x080029ca                HAL_UART_TxCpltCallback
 .text.HAL_UART_RxCpltCallback
                0x080029cc        0x2 ./Drivers/STM32F4xx_HAL_Driver/Src/stm32f4xx_hal_uart.o
                0x080029cc                HAL_UART_RxCpltCallback
 .text.HAL_UART_ErrorCallback
                0x080029ce        0x2 ./Drivers/STM32F4xx_HAL_Driver/Src/stm32f4xx_hal_uart.o
                0x080029ce                HAL_UART_ErrorCallback
 .text.UART_DMAAbortOnError
                0x080029d0        0xe ./Drivers/STM32F4xx_HAL_Driver/Src/stm32f4xx_hal_uart.o
 .text.HAL_UARTEx_RxEventCallback
                0x080029de        0x2 ./Drivers/STM32F4xx_HAL_Driver/Src/stm32f4xx_hal_uart.o
                0x080029de                HAL_UARTEx_RxEventCallback
 .text.UART_Receive_IT.isra.0
                0x080029e0       0xb6 ./Drivers/STM32F4xx_HAL_Driver/Src/stm32f4xx_hal_uart.o
 *fill*         0x08002a96        0x2 
 .text.HAL_UART_IRQHandler
                0x08002a98      0x2a0 ./Drivers/STM32F4xx_HAL_Driver/Src/stm32f4xx_hal_uart.o
                0x08002a98                HAL_UART_IRQHandler
 .text.memset   0x08002d38       0x10 C:/ST/STM32CubeIDE_1.19.0/STM32CubeIDE/plugins/com.st.stm32cube.ide.mcu.externaltools.gnu-tools-for-stm32.13.3.rel1.win32_1.0.0.202411081344/tools/bin/../lib/gcc/arm-none-eabi/13.3.1/../../../../arm-none-eabi/lib/thumb/v7e-m+fp/hard\libc_nano.a(libc_a-memset.o)
                0x08002d38                memset
 .text.__libc_init_array
                0x08002d48       0x48 C:/ST/STM32CubeIDE_1.19.0/STM32CubeIDE/plugins/com.st.stm32cube.ide.mcu.externaltools.gnu-tools-for-stm32.13.3.rel1.win32_1.0.0.202411081344/tools/bin/../lib/gcc/arm-none-eabi/13.3.1/../../../../arm-none-eabi/lib/thumb/v7e-m+fp/hard\libc_nano.a(libc_a-init.o)
                0x08002d48                __libc_init_array
 *(.glue_7)
 .glue_7        0x08002d90        0x0 linker stubs
 *(.glue_7t)
 .glue_7t       0x08002d90        0x0 linker stubs
 *(.eh_frame)
 .eh_frame      0x08002d90        0x0 C:/ST/STM32CubeIDE_1.19.0/STM32CubeIDE/plugins/com.st.stm32cube.ide.mcu.externaltools.gnu-tools-for-stm32.13.3.rel1.win32_1.0.0.202411081344/tools/bin/../lib/gcc/arm-none-eabi/13.3.1/thumb/v7e-m+fp/hard/crtbegin.o
 *(.init)
 .init          0x08002d90        0x4 C:/ST/STM32CubeIDE_1.19.0/STM32CubeIDE/plugins/com.st.stm32cube.ide.mcu.externaltools.gnu-tools-for-stm32.13.3.rel1.win32_1.0.0.202411081344/tools/bin/../lib/gcc/arm-none-eabi/13.3.1/thumb/v7e-m+fp/hard/crti.o
                0x08002d90                _init
 .init          0x08002d94        0x8 C:/ST/STM32CubeIDE_1.19.0/STM32CubeIDE/plugins/com.st.stm32cube.ide.mcu.externaltools.gnu-tools-for-stm32.13.3.rel1.win32_1.0.0.202411081344/tools/bin/../lib/gcc/arm-none-eabi/13.3.1/thumb/v7e-m+fp/hard/crtn.o
 *(.fini)
 .fini          0x08002d9c        0x4 C:/ST/STM32CubeIDE_1.19.0/STM32CubeIDE/plugins/com.st.stm32cube.ide.mcu.externaltools.gnu-tools-for-stm32.13.3.rel1.win32_1.0.0.202411081344/tools/bin/../lib/gcc/arm-none-eabi/13.3.1/thumb/v7e-m+fp/hard/crti.o
                0x08002d9c                _fini
 .fini          0x08002da0        0x8 C:/ST/STM32CubeIDE_1.19.0/STM32CubeIDE/plugins/com.st.stm32cube.ide.mcu.externaltools.gnu-tools-for-stm32.13.3.rel1.win32_1.0.0.202411081344/tools/bin/../lib/gcc/arm-none-eabi/13.3.1/thumb/v7e-m+fp/hard/crtn.o
                0x08002da8                        . = ALIGN (0x4)
                0x08002da8                        _etext = .

.vfp11_veneer   0x08002da8        0x0
 .vfp11_veneer  0x08002da8        0x0 linker stubs

.v4_bx          0x08002da8        0x0
 .v4_bx         0x08002da8        0x0 linker stubs

.iplt           0x08002da8        0x0
 .iplt          0x08002da8        0x0 C:/ST/STM32CubeIDE_1.19.0/STM32CubeIDE/plugins/com.st.stm32cube.ide.mcu.externaltools.gnu-tools-for-stm32.13.3.rel1.win32_1.0.0.202411081344/tools/bin/../lib/gcc/arm-none-eabi/13.3.1/thumb/v7e-m+fp/hard/crtbegin.o

.rodata         0x08002da8      0xdc0
                0x08002da8                        . = ALIGN (0x4)
 *(.rodata)
 *(.rodata*)
 .rodata.APBPrescTable
                0x08002da8        0x8 ./Core/Src/system_stm32f4xx.o
                0x08002da8                APBPrescTable
 .rodata.AHBPrescTable
                0x08002db0       0x10 ./Core/Src/system_stm32f4xx.o
                0x08002db0                AHBPrescTable
 .rodata.Font11x18
                0x08002dc0      0xd5c ./Drivers/Perifericos/Src/fonts.o
                0x08002dc0                Font11x18
 .rodata.MEF_Update.str1.1
                0x08003b1c       0x4c ./Drivers/Perifericos/Src/mef.o
                                 0x4d (size before relaxing)
                0x08003b68                        . = ALIGN (0x4)

.ARM.extab      0x08003b68        0x0
                0x08003b68                        . = ALIGN (0x4)
 *(.ARM.extab* .gnu.linkonce.armextab.*)
                0x08003b68                        . = ALIGN (0x4)

.ARM            0x08003b68        0x8
                0x08003b68                        . = ALIGN (0x4)
                0x08003b68                        __exidx_start = .
 *(.ARM.exidx*)
 .ARM.exidx     0x08003b68        0x8 C:/ST/STM32CubeIDE_1.19.0/STM32CubeIDE/plugins/com.st.stm32cube.ide.mcu.externaltools.gnu-tools-for-stm32.13.3.rel1.win32_1.0.0.202411081344/tools/bin/../lib/gcc/arm-none-eabi/13.3.1/thumb/v7e-m+fp/hard\libgcc.a(_udivmoddi4.o)
                0x08003b70                        __exidx_end = .
                0x08003b70                        . = ALIGN (0x4)

.preinit_array  0x08003b70        0x0
                0x08003b70                        . = ALIGN (0x4)
                0x08003b70                        PROVIDE (__preinit_array_start = .)
 *(.preinit_array*)
                0x08003b70                        PROVIDE (__preinit_array_end = .)
                0x08003b70                        . = ALIGN (0x4)

.init_array     0x08003b70        0x4
                0x08003b70                        . = ALIGN (0x4)
                0x08003b70                        PROVIDE (__init_array_start = .)
 *(SORT_BY_NAME(.init_array.*))
 *(.init_array*)
 .init_array    0x08003b70        0x4 C:/ST/STM32CubeIDE_1.19.0/STM32CubeIDE/plugins/com.st.stm32cube.ide.mcu.externaltools.gnu-tools-for-stm32.13.3.rel1.win32_1.0.0.202411081344/tools/bin/../lib/gcc/arm-none-eabi/13.3.1/thumb/v7e-m+fp/hard/crtbegin.o
                0x08003b74                        PROVIDE (__init_array_end = .)
                0x08003b74                        . = ALIGN (0x4)

.fini_array     0x08003b74        0x4
                0x08003b74                        . = ALIGN (0x4)
                [!provide]                        PROVIDE (__fini_array_start = .)
 *(SORT_BY_NAME(.fini_array.*))
 *(.fini_array*)
 .fini_array    0x08003b74        0x4 C:/ST/STM32CubeIDE_1.19.0/STM32CubeIDE/plugins/com.st.stm32cube.ide.mcu.externaltools.gnu-tools-for-stm32.13.3.rel1.win32_1.0.0.202411081344/tools/bin/../lib/gcc/arm-none-eabi/13.3.1/thumb/v7e-m+fp/hard/crtbegin.o
                [!provide]                        PROVIDE (__fini_array_end = .)
                0x08003b78                        . = ALIGN (0x4)
                0x08003b78                        _sidata = LOADADDR (.data)

.rel.dyn        0x08003b78        0x0
 .rel.iplt      0x08003b78        0x0 C:/ST/STM32CubeIDE_1.19.0/STM32CubeIDE/plugins/com.st.stm32cube.ide.mcu.externaltools.gnu-tools-for-stm32.13.3.rel1.win32_1.0.0.202411081344/tools/bin/../lib/gcc/arm-none-eabi/13.3.1/thumb/v7e-m+fp/hard/crtbegin.o

.data           0x20000000       0x14 load address 0x08003b78
                0x20000000                        . = ALIGN (0x4)
                0x20000000                        _sdata = .
 *(.data)
 *(.data*)
 .data.SystemCoreClock
                0x20000000        0x4 ./Core/Src/system_stm32f4xx.o
                0x20000000                SystemCoreClock
 .data.Font_11x18
                0x20000004        0x8 ./Drivers/Perifericos/Src/fonts.o
                0x20000004                Font_11x18
 .data.uwTickFreq
                0x2000000c        0x1 ./Drivers/STM32F4xx_HAL_Driver/Src/stm32f4xx_hal.o
                0x2000000c                uwTickFreq
 *fill*         0x2000000d        0x3 
 .data.uwTickPrio
                0x20000010        0x4 ./Drivers/STM32F4xx_HAL_Driver/Src/stm32f4xx_hal.o
                0x20000010                uwTickPrio
 *(.RamFunc)
 *(.RamFunc*)
                0x20000014                        . = ALIGN (0x4)
                0x20000014                        _edata = .

.igot.plt       0x20000014        0x0 load address 0x08003b8c
 .igot.plt      0x20000014        0x0 C:/ST/STM32CubeIDE_1.19.0/STM32CubeIDE/plugins/com.st.stm32cube.ide.mcu.externaltools.gnu-tools-for-stm32.13.3.rel1.win32_1.0.0.202411081344/tools/bin/../lib/gcc/arm-none-eabi/13.3.1/thumb/v7e-m+fp/hard/crtbegin.o
                0x20000014                        . = ALIGN (0x4)

.bss            0x20000014      0x5fc load address 0x08003b8c
                0x20000014                        _sbss = .
                0x20000014                        __bss_start__ = _sbss
 *(.bss)
 .bss           0x20000014       0x1c C:/ST/STM32CubeIDE_1.19.0/STM32CubeIDE/plugins/com.st.stm32cube.ide.mcu.externaltools.gnu-tools-for-stm32.13.3.rel1.win32_1.0.0.202411081344/tools/bin/../lib/gcc/arm-none-eabi/13.3.1/thumb/v7e-m+fp/hard/crtbegin.o
 *(.bss*)
 .bss.huart1    0x20000030       0x48 ./Core/Src/main.o
                0x20000030                huart1
 .bss.htim2     0x20000078       0x48 ./Core/Src/main.o
                0x20000078                htim2
 .bss.htim1     0x200000c0       0x48 ./Core/Src/main.o
                0x200000c0                htim1
 .bss.hi2c1     0x20000108       0x54 ./Core/Src/main.o
                0x20000108                hi2c1
 .bss.Button_Vector
                0x2000015c       0x78 ./Drivers/Perifericos/Src/button_handler.o
                0x2000015c                Button_Vector
 .bss.MEF_Actual
                0x200001d4        0x1 ./Drivers/Perifericos/Src/mef.o
                0x200001d4                MEF_Actual
 *fill*         0x200001d5        0x3 
 .bss.buffer    0x200001d8       0x2c ./Drivers/Perifericos/Src/menu.o
                0x200001d8                buffer
 .bss.SSD1306   0x20000204        0x6 ./Drivers/Perifericos/Src/ssd1306_oled.o
 .bss.SSD1306_Buffer
                0x2000020a      0x400 ./Drivers/Perifericos/Src/ssd1306_oled.o
 *fill*         0x2000060a        0x2 
 .bss.uwTick    0x2000060c        0x4 ./Drivers/STM32F4xx_HAL_Driver/Src/stm32f4xx_hal.o
                0x2000060c                uwTick
 *(COMMON)
                0x20000610                        . = ALIGN (0x4)
                0x20000610                        _ebss = .
                0x20000610                        __bss_end__ = _ebss

._user_heap_stack
                0x20000610      0x600 load address 0x08003b8c
                0x20000610                        . = ALIGN (0x8)
                [!provide]                        PROVIDE (end = .)
                0x20000610                        PROVIDE (_end = .)
                0x20000810                        . = (. + _Min_Heap_Size)
 *fill*         0x20000610      0x200 
                0x20000c10                        . = (. + _Min_Stack_Size)
 *fill*         0x20000810      0x400 
                0x20000c10                        . = ALIGN (0x8)

/DISCARD/
 libc.a(*)
 libm.a(*)
 libgcc.a(*)

.ARM.attributes
                0x00000000       0x30
 *(.ARM.attributes)
 .ARM.attributes
                0x00000000       0x22 C:/ST/STM32CubeIDE_1.19.0/STM32CubeIDE/plugins/com.st.stm32cube.ide.mcu.externaltools.gnu-tools-for-stm32.13.3.rel1.win32_1.0.0.202411081344/tools/bin/../lib/gcc/arm-none-eabi/13.3.1/thumb/v7e-m+fp/hard/crti.o
 .ARM.attributes
                0x00000022       0x34 C:/ST/STM32CubeIDE_1.19.0/STM32CubeIDE/plugins/com.st.stm32cube.ide.mcu.externaltools.gnu-tools-for-stm32.13.3.rel1.win32_1.0.0.202411081344/tools/bin/../lib/gcc/arm-none-eabi/13.3.1/thumb/v7e-m+fp/hard/crtbegin.o
 .ARM.attributes
                0x00000056       0x34 ./Core/Src/main.o
 .ARM.attributes
                0x0000008a       0x34 ./Core/Src/stm32f4xx_hal_msp.o
 .ARM.attributes
                0x000000be       0x34 ./Core/Src/stm32f4xx_it.o
 .ARM.attributes
                0x000000f2       0x34 ./Core/Src/system_stm32f4xx.o
 .ARM.attributes
                0x00000126       0x21 ./Core/Startup/startup_stm32f401ccux.o
 .ARM.attributes
                0x00000147       0x34 ./Drivers/Perifericos/Src/button_handler.o
 .ARM.attributes
                0x0000017b       0x34 ./Drivers/Perifericos/Src/clock_config.o
 .ARM.attributes
                0x000001af       0x34 ./Drivers/Perifericos/Src/fonts.o
 .ARM.attributes
                0x000001e3       0x34 ./Drivers/Perifericos/Src/gpio.o
 .ARM.attributes
                0x00000217       0x34 ./Drivers/Perifericos/Src/i2c.o
 .ARM.attributes
                0x0000024b       0x34 ./Drivers/Perifericos/Src/mef.o
 .ARM.attributes
                0x0000027f       0x34 ./Drivers/Perifericos/Src/menu.o
 .ARM.attributes
                0x000002b3       0x34 ./Drivers/Perifericos/Src/motorpap.o
 .ARM.attributes
                0x000002e7       0x34 ./Drivers/Perifericos/Src/ssd1306_oled.o
 .ARM.attributes
                0x0000031b       0x34 ./Drivers/STM32F4xx_HAL_Driver/Src/stm32f4xx_hal.o
 .ARM.attributes
                0x0000034f       0x34 ./Drivers/STM32F4xx_HAL_Driver/Src/stm32f4xx_hal_cortex.o
 .ARM.attributes
                0x00000383       0x34 ./Drivers/STM32F4xx_HAL_Driver/Src/stm32f4xx_hal_dma.o
 .ARM.attributes
                0x000003b7       0x34 ./Drivers/STM32F4xx_HAL_Driver/Src/stm32f4xx_hal_gpio.o
 .ARM.attributes
                0x000003eb       0x34 ./Drivers/STM32F4xx_HAL_Driver/Src/stm32f4xx_hal_i2c.o
 .ARM.attributes
                0x0000041f       0x34 ./Drivers/STM32F4xx_HAL_Driver/Src/stm32f4xx_hal_rcc.o
 .ARM.attributes
                0x00000453       0x34 ./Drivers/STM32F4xx_HAL_Driver/Src/stm32f4xx_hal_tim.o
 .ARM.attributes
                0x00000487       0x34 ./Drivers/STM32F4xx_HAL_Driver/Src/stm32f4xx_hal_tim_ex.o
 .ARM.attributes
                0x000004bb       0x34 ./Drivers/STM32F4xx_HAL_Driver/Src/stm32f4xx_hal_uart.o
 .ARM.attributes
                0x000004ef       0x34 C:/ST/STM32CubeIDE_1.19.0/STM32CubeIDE/plugins/com.st.stm32cube.ide.mcu.externaltools.gnu-tools-for-stm32.13.3.rel1.win32_1.0.0.202411081344/tools/bin/../lib/gcc/arm-none-eabi/13.3.1/../../../../arm-none-eabi/lib/thumb/v7e-m+fp/hard\libc_nano.a(libc_a-memset.o)
 .ARM.attributes
                0x00000523       0x34 C:/ST/STM32CubeIDE_1.19.0/STM32CubeIDE/plugins/com.st.stm32cube.ide.mcu.externaltools.gnu-tools-for-stm32.13.3.rel1.win32_1.0.0.202411081344/tools/bin/../lib/gcc/arm-none-eabi/13.3.1/../../../../arm-none-eabi/lib/thumb/v7e-m+fp/hard\libc_nano.a(libc_a-init.o)
 .ARM.attributes
                0x00000557       0x22 C:/ST/STM32CubeIDE_1.19.0/STM32CubeIDE/plugins/com.st.stm32cube.ide.mcu.externaltools.gnu-tools-for-stm32.13.3.rel1.win32_1.0.0.202411081344/tools/bin/../lib/gcc/arm-none-eabi/13.3.1/thumb/v7e-m+fp/hard\libgcc.a(_aeabi_uldivmod.o)
 .ARM.attributes
                0x00000579       0x34 C:/ST/STM32CubeIDE_1.19.0/STM32CubeIDE/plugins/com.st.stm32cube.ide.mcu.externaltools.gnu-tools-for-stm32.13.3.rel1.win32_1.0.0.202411081344/tools/bin/../lib/gcc/arm-none-eabi/13.3.1/thumb/v7e-m+fp/hard\libgcc.a(_udivmoddi4.o)
 .ARM.attributes
                0x000005ad       0x22 C:/ST/STM32CubeIDE_1.19.0/STM32CubeIDE/plugins/com.st.stm32cube.ide.mcu.externaltools.gnu-tools-for-stm32.13.3.rel1.win32_1.0.0.202411081344/tools/bin/../lib/gcc/arm-none-eabi/13.3.1/thumb/v7e-m+fp/hard\libgcc.a(_dvmd_tls.o)
 .ARM.attributes
                0x000005cf       0x22 C:/ST/STM32CubeIDE_1.19.0/STM32CubeIDE/plugins/com.st.stm32cube.ide.mcu.externaltools.gnu-tools-for-stm32.13.3.rel1.win32_1.0.0.202411081344/tools/bin/../lib/gcc/arm-none-eabi/13.3.1/thumb/v7e-m+fp/hard/crtn.o
OUTPUT(Firmware.elf elf32-littlearm)
LOAD linker stubs
LOAD C:/ST/STM32CubeIDE_1.19.0/STM32CubeIDE/plugins/com.st.stm32cube.ide.mcu.externaltools.gnu-tools-for-stm32.13.3.rel1.win32_1.0.0.202411081344/tools/bin/../lib/gcc/arm-none-eabi/13.3.1/../../../../arm-none-eabi/lib/thumb/v7e-m+fp/hard\libc.a
LOAD C:/ST/STM32CubeIDE_1.19.0/STM32CubeIDE/plugins/com.st.stm32cube.ide.mcu.externaltools.gnu-tools-for-stm32.13.3.rel1.win32_1.0.0.202411081344/tools/bin/../lib/gcc/arm-none-eabi/13.3.1/../../../../arm-none-eabi/lib/thumb/v7e-m+fp/hard\libm.a
LOAD C:/ST/STM32CubeIDE_1.19.0/STM32CubeIDE/plugins/com.st.stm32cube.ide.mcu.externaltools.gnu-tools-for-stm32.13.3.rel1.win32_1.0.0.202411081344/tools/bin/../lib/gcc/arm-none-eabi/13.3.1/thumb/v7e-m+fp/hard\libgcc.a

.comment        0x00000000       0x43
 .comment       0x00000000       0x43 ./Core/Src/main.o
                                 0x44 (size before relaxing)
 .comment       0x00000043       0x44 ./Core/Src/stm32f4xx_hal_msp.o
 .comment       0x00000043       0x44 ./Core/Src/stm32f4xx_it.o
 .comment       0x00000043       0x44 ./Core/Src/system_stm32f4xx.o
 .comment       0x00000043       0x44 ./Drivers/Perifericos/Src/button_handler.o
 .comment       0x00000043       0x44 ./Drivers/Perifericos/Src/clock_config.o
 .comment       0x00000043       0x44 ./Drivers/Perifericos/Src/fonts.o
 .comment       0x00000043       0x44 ./Drivers/Perifericos/Src/gpio.o
 .comment       0x00000043       0x44 ./Drivers/Perifericos/Src/i2c.o
 .comment       0x00000043       0x44 ./Drivers/Perifericos/Src/mef.o
 .comment       0x00000043       0x44 ./Drivers/Perifericos/Src/menu.o
 .comment       0x00000043       0x44 ./Drivers/Perifericos/Src/motorpap.o
 .comment       0x00000043       0x44 ./Drivers/Perifericos/Src/ssd1306_oled.o
 .comment       0x00000043       0x44 ./Drivers/STM32F4xx_HAL_Driver/Src/stm32f4xx_hal.o
 .comment       0x00000043       0x44 ./Drivers/STM32F4xx_HAL_Driver/Src/stm32f4xx_hal_cortex.o
 .comment       0x00000043       0x44 ./Drivers/STM32F4xx_HAL_Driver/Src/stm32f4xx_hal_dma.o
 .comment       0x00000043       0x44 ./Drivers/STM32F4xx_HAL_Driver/Src/stm32f4xx_hal_gpio.o
 .comment       0x00000043       0x44 ./Drivers/STM32F4xx_HAL_Driver/Src/stm32f4xx_hal_i2c.o
 .comment       0x00000043       0x44 ./Drivers/STM32F4xx_HAL_Driver/Src/stm32f4xx_hal_rcc.o
 .comment       0x00000043       0x44 ./Drivers/STM32F4xx_HAL_Driver/Src/stm32f4xx_hal_tim.o
 .comment       0x00000043       0x44 ./Drivers/STM32F4xx_HAL_Driver/Src/stm32f4xx_hal_tim_ex.o
 .comment       0x00000043       0x44 ./Drivers/STM32F4xx_HAL_Driver/Src/stm32f4xx_hal_uart.o

.debug_frame    0x00000000       0xac
 .debug_frame   0x00000000       0x20 C:/ST/STM32CubeIDE_1.19.0/STM32CubeIDE/plugins/com.st.stm32cube.ide.mcu.externaltools.gnu-tools-for-stm32.13.3.rel1.win32_1.0.0.202411081344/tools/bin/../lib/gcc/arm-none-eabi/13.3.1/../../../../arm-none-eabi/lib/thumb/v7e-m+fp/hard\libc_nano.a(libc_a-memset.o)
 .debug_frame   0x00000020       0x2c C:/ST/STM32CubeIDE_1.19.0/STM32CubeIDE/plugins/com.st.stm32cube.ide.mcu.externaltools.gnu-tools-for-stm32.13.3.rel1.win32_1.0.0.202411081344/tools/bin/../lib/gcc/arm-none-eabi/13.3.1/../../../../arm-none-eabi/lib/thumb/v7e-m+fp/hard\libc_nano.a(libc_a-init.o)
 .debug_frame   0x0000004c       0x2c C:/ST/STM32CubeIDE_1.19.0/STM32CubeIDE/plugins/com.st.stm32cube.ide.mcu.externaltools.gnu-tools-for-stm32.13.3.rel1.win32_1.0.0.202411081344/tools/bin/../lib/gcc/arm-none-eabi/13.3.1/thumb/v7e-m+fp/hard\libgcc.a(_aeabi_uldivmod.o)
 .debug_frame   0x00000078       0x34 C:/ST/STM32CubeIDE_1.19.0/STM32CubeIDE/plugins/com.st.stm32cube.ide.mcu.externaltools.gnu-tools-for-stm32.13.3.rel1.win32_1.0.0.202411081344/tools/bin/../lib/gcc/arm-none-eabi/13.3.1/thumb/v7e-m+fp/hard\libgcc.a(_udivmoddi4.o)
