14:41:39 **** Incremental Build of configuration Release for project Firmware ****
make -j2 all 
arm-none-eabi-gcc "../Drivers/Perifericos/Src/mef.c" -mcpu=cortex-m4 -std=gnu11 -DUSE_HAL_DRIVER -DSTM32F401xC -c -I../Core/Inc -I../Drivers/STM32F4xx_HAL_Driver/Inc -I../Drivers/STM32F4xx_HAL_Driver/Inc/Legacy -I../Drivers/CMSIS/Device/ST/STM32F4xx/Include -I../Drivers/CMSIS/Include -I"C:/Users/Estudiante.DESKTOP-5OVK98J/Desktop/Escaneo-2D/Escaneo-2D/Firmware/Drivers/Perifericos" -I"C:/Users/Estudiante.DESKTOP-5OVK98J/Desktop/Escaneo-2D/Escaneo-2D/Firmware/Drivers/Perifericos/Inc" -I"C:/Users/Estudiante.DESKTOP-5OVK98J/Desktop/Escaneo-2D/Escaneo-2D/Firmware/Drivers/Perifericos/Src" -Os -ffunction-sections -fdata-sections -Wall -fstack-usage -fcyclomatic-complexity -MMD -MP -MF"Drivers/Perifericos/Src/mef.d" -MT"Drivers/Perifericos/Src/mef.o" --specs=nano.specs -mfpu=fpv4-sp-d16 -mfloat-abi=hard -mthumb -o "Drivers/Perifericos/Src/mef.o"
arm-none-eabi-gcc -o "Firmware.elf" @"objects.list"   -mcpu=cortex-m4 -T"C:\Users\Estudiante.DESKTOP-5OVK98J\Desktop\Escaneo-2D\Escaneo-2D\Firmware\STM32F401CCUX_FLASH.ld" --specs=nosys.specs -Wl,-Map="Firmware.map" -Wl,--gc-sections -static --specs=nano.specs -mfpu=fpv4-sp-d16 -mfloat-abi=hard -mthumb -Wl,--start-group -lc -lm -Wl,--end-group
Finished building target: Firmware.elf
 
arm-none-eabi-size  Firmware.elf 
arm-none-eabi-objdump -h -S Firmware.elf  > "Firmware.list"
   text	   data	    bss	    dec	    hex	filename
  22004	    104	   3488	  25596	   63fc	Firmware.elf
Finished building: default.size.stdout
 
arm-none-eabi-objcopy  -O ihex Firmware.elf  "Firmware.hex"
Finished building: Firmware.list
 
Finished building: Firmware.hex
 
